


ARM Macro Assembler    Page 1 


    1 00000000         ; Counts the number of vowels in a String and makes them
                        uppercase.
    2 00000000         ;
    3 00000000         ; ---------------------------REGISTER SET-UP------------
                       ----------------------
    4 00000000         ; r0 := Working Byte
    5 00000000         ; r1 := Working pointer
    6 00000000         ; r2 := Working count of vowels
    7 00000000         ; r3 := Working offset from String pointer
    8 00000000         ; r4 := 
    9 00000000         ; r5 :=
   10 00000000         ; r6 := String Pointer
   11 00000000         
   12 00000000         
   13 00000000         ; we align 32 bit variables to 32-bits
   14 00000000         ; we align op codes to 16 bits
   15 00000000         
   16 00000000                 AREA             |.text|, CODE, READONLY, ALIGN=
2
   17 00000000                 EXPORT           Start
   18 00000000         ;-----------------------------------DATA----------------
                       ----------------------
   19 00000000 61 62 63 
              64 65 66 
              67 68 69 
              6A 6B 6C 
              6D 6E 6F 
              70 71 72 
              73 74 75 
              76 77 78 
              79 7A 41 
              45 49 4F 
              55 00    testStr DCB              "abcdefghijklmnopqrstuvwxyzAEIO
U", 0
   20 00000020         
   21 00000020         ;-----------------------------------CODE----------------
                       ----------------------
   22 00000020         Start
   23 00000020 F2AF 0124       ADR              r1, testStr
   24 00000024         base
   25 00000024 F811 0B01       LDRB             r0, [r1], #1 ; load byte & incr
                                                            ement address point
                                                            er
   26 00000028 2800            CMP              r0, #0
   27 0000002A D101            BNE              vcheck      ; Else branch to vo
                                                            wel check
   28 0000002C         stop
   29 0000002C 2A0A            CMP              r2, #10     ; expected value ch
                                                            eck
   30 0000002E E7FE            B                .
   31 00000030         
   32 00000030         ;----------------------------VOWEL CHECK----------------
                       ----------------------
   33 00000030         ; Examines a char to see if it's a vowel. If the test pa
                       sses, it changes the 
   34 00000030         ; case of the char to upper in the *original* string and
                        increases the value
   35 00000030         ; count by one.
   36 00000030         vcheck



ARM Macro Assembler    Page 2 


   37 00000030 2841            CMP              r0, #0x41   ; A
   38 00000032 BF1F 2845       CMPNE            r0, #0x45   ; E 
   39 00000036 2849            CMPNE            r0, #0x49   ; I
   40 00000038 284F            CMPNE            r0, #0x4F   ; O
   41 0000003A 2855            CMPNE            r0, #0x55   ; U
   42 0000003C D00B            BEQ              increment
   43 0000003E BF1F 2861       CMPNE            r0, #0x61   ; a
   44 00000042 2864            CMPNE            r0, #0x64   ; e
   45 00000044 2869            CMPNE            r0, #0x69   ; i
   46 00000046 286F            CMPNE            r0, #0x6F   ; o
   47 00000048 BF18 2875       CMPNE            r0, #0x75   ; u
   48 0000004C D1EA            BNE              base
   49 0000004E         
   50 0000004E         toUpper
   51 0000004E F1A0 0020       SUB              r0, r0, #32 ; Convert to Upperc
                                                            ase
   52 00000052 F841 0C01       STR              r0, [r1, #-1] ; Store into memo
                                                            ry, increase pointe
                                                            r register
   53 00000056         
   54 00000056         increment
   55 00000056 F102 0201       ADD              r2, r2, #1  ; Increase the vowe
                                                            l count
   56 0000005A E7E3            B                base        ; Branch back to lo
                                                            op start
   57 0000005C         
   58 0000005C                 ALIGN
   59 0000005C                 END
Command Line: --debug --xref --diag_suppress=9931 --cpu=Cortex-M4 --apcs=interw
ork --depend=.\main.d -o.\main.o -I.\RTE\_SimpleProject -IC:\Keil_v5\ARM\PACK\A
RM\CMSIS\5.4.0\CMSIS\Core\Include -IC:\Keil_v5\ARM\PACK\Keil\TM4C_DFP\1.1.0\Dev
ice\Include\TM4C123 --predefine="__EVAL SETA 1" --predefine="__UVISION_VERSION 
SETA 526" --predefine="_RTE_ SETA 1" --predefine="TM4C123GH6PM SETA 1" --list=.
\main.lst main.s



ARM Macro Assembler    Page 1 Alphabetic symbol ordering
Relocatable symbols

.text 00000000

Symbol: .text
   Definitions
      At line 16 in file main.s
   Uses
      None
Comment: .text unused
Start 00000020

Symbol: Start
   Definitions
      At line 22 in file main.s
   Uses
      At line 17 in file main.s
Comment: Start used once
base 00000024

Symbol: base
   Definitions
      At line 24 in file main.s
   Uses
      At line 48 in file main.s
      At line 56 in file main.s

increment 00000056

Symbol: increment
   Definitions
      At line 54 in file main.s
   Uses
      At line 42 in file main.s
Comment: increment used once
stop 0000002C

Symbol: stop
   Definitions
      At line 28 in file main.s
   Uses
      None
Comment: stop unused
testStr 00000000

Symbol: testStr
   Definitions
      At line 19 in file main.s
   Uses
      At line 23 in file main.s
Comment: testStr used once
toUpper 0000004E

Symbol: toUpper
   Definitions
      At line 50 in file main.s
   Uses
      None
Comment: toUpper unused
vcheck 00000030




ARM Macro Assembler    Page 2 Alphabetic symbol ordering
Relocatable symbols

Symbol: vcheck
   Definitions
      At line 36 in file main.s
   Uses
      At line 27 in file main.s
Comment: vcheck used once
8 symbols
342 symbols in table
